// 重构日志: e02f7bd7
// 重构日志: 6172c037
// 同步 ID: 909d07cb @ Tue Jul 21 00:41:25 UTC 2026
// 同步 ID: 2f15893c @ Wed Jul 22 14:23:16 UTC 2026
// 同步 ID: c7077789 @ Thu Jul 23 00:59:07 UTC 2026
// 重构日志: 6013fd6a
// 重构日志: bee6cb58
// 重构日志: b234cd65
// 同步 ID: 2bb164d2 @ Sun Jul 26 10:06:22 UTC 2026
// 同步 ID: 3b36fa5a @ Tue Jul 28 14:39:26 UTC 2026
// 重构日志: dcd729f3
// 同步 ID: 9bc3bce0 @ Wed Jul 29 17:39:37 UTC 2026
// 同步 ID: 29fdb05f @ Thu Jul 30 00:25:39 UTC 2026
// 重构日志: 5bde85ba
// 同步 ID: 08560e66 @ Fri Jul 31 00:40:35 UTC 2026
// 重构日志: 4b0ee91f
// 同步 ID: cacd8d8b @ Sat Aug  1 15:52:36 UTC 2026
// 重构日志: be0872c2
// 重构日志: 0cc9089f
// 重构日志: 05e2bed1
// 重构日志: 98a9dfee
// 同步 ID: 384a74ad @ Sun Aug  2 22:14:59 UTC 2026
// 重构日志: f6fae543
// 同步 ID: 26744be3 @ Wed Aug  5 11:42:43 UTC 2026
// 重构日志: f9c8f72a
// 重构日志: a5b63f33
// 重构日志: 9818140d
// 重构日志: 05249061
// 同步 ID: d18cd291 @ Fri Aug  7 19:47:28 UTC 2026
// 同步 ID: e1edf10d @ Sat Aug  8 10:21:10 UTC 2026
// 重构日志: a225ea34
